// Jest Snapshot v1, https://goo.gl/fbAQLP

exports[`should render Form 1`] = `"<div class=\\"form\\"><h1 class=\\"form__title\\">hCard Builder</h1><form action=\\"\\"><fieldset class=\\"form__fieldset\\"><legend class=\\"form__fieldset__legend\\">Personal details</legend><div class=\\"form__fieldset__fields\\"><div class=\\"form__fieldset__fields__row\\"><div class=\\"field\\"><label for=\\"givenName\\" class=\\"field__label\\">Given name</label><input type=\\"text\\" class=\\"field__input\\" value=\\"Sam\\" id=\\"givenName\\"/></div><div class=\\"field\\"><label for=\\"surname\\" class=\\"field__label\\">Surname</label><input type=\\"text\\" class=\\"field__input\\" value=\\"Fairfax\\" id=\\"surname\\"/></div></div><div class=\\"form__fieldset__fields__row\\"><div class=\\"field\\"><label for=\\"email\\" class=\\"field__label\\">Email</label><input type=\\"email\\" class=\\"field__input\\" value=\\"Sam@fairfax.com\\" id=\\"email\\"/></div><div class=\\"field\\"><label for=\\"phone\\" class=\\"field__label\\">Phone</label><input type=\\"tel\\" class=\\"field__input\\" value=\\"012223344\\" id=\\"phone\\"/></div></div></div></fieldset><fieldset class=\\"form__fieldset\\"><legend class=\\"form__fieldset__legend\\">Address</legend><div class=\\"form__fieldset__fields\\"><div class=\\"form__fieldset__fields__row\\"><div class=\\"field\\"><label for=\\"houseName\\" class=\\"field__label\\">House name or #</label><input type=\\"text\\" class=\\"field__input\\" value=\\"2\\" id=\\"houseName\\"/></div><div class=\\"field\\"><label for=\\"street\\" class=\\"field__label\\">Street</label><input type=\\"text\\" class=\\"field__input\\" value=\\"King st\\" id=\\"street\\"/></div></div><div class=\\"form__fieldset__fields__row\\"><div class=\\"field\\"><label for=\\"suburb\\" class=\\"field__label\\">Suburb</label><input type=\\"text\\" class=\\"field__input\\" value=\\"Sydney\\" id=\\"suburb\\"/></div><div class=\\"field\\"><label for=\\"state\\" class=\\"field__label\\">State</label><input type=\\"text\\" class=\\"field__input\\" value=\\"NSW\\" id=\\"state\\"/></div></div><div class=\\"form__fieldset__fields__row\\"><div class=\\"field\\"><label for=\\"postCode\\" class=\\"field__label\\">Postcode</label><input type=\\"text\\" class=\\"field__input\\" value=\\"2000\\" id=\\"postCode\\"/></div><div class=\\"field\\"><label for=\\"country\\" class=\\"field__label\\">Country</label><input type=\\"text\\" class=\\"field__input\\" value=\\"Australia\\" id=\\"country\\"/></div></div></div></fieldset><div class=\\"form__buttons\\"><div class=\\"form__buttons__btn\\"><label class=\\"upload-avatar undefined\\" role=\\"button\\" tabindex=\\"0\\"><input type=\\"file\\" required=\\"\\"/><span>Upload Avatar</span></label></div><div class=\\"form__buttons__btn\\"><button type=\\"submit\\" class=\\"form__buttons__btn--submit\\">Submit</button></div></div></form></div>"`;
