// Jest Snapshot v1, https://goo.gl/fbAQLP

exports[`should render Preview 1`] = `"<div class=\\"preview\\"><div class=\\"preview__content\\"><div class=\\"preview__content__title\\">hCard preview</div><div class=\\"card\\"><div class=\\"card__header\\"><h2 class=\\"card__header__text\\">Sam Fairfax</h2><img class=\\"card__header__img\\" src=\\"avatar-placeholder.png\\" alt=\\"avatar\\"/></div><div class=\\"card__body\\"><div class=\\"card__body__field\\"><span class=\\"card__body__field__label\\">Email</span><span class=\\"card__body__field__value\\">Sam@fairfax.com</span></div><div class=\\"card__body__field\\"><span class=\\"card__body__field__label\\">Phone</span><span class=\\"card__body__field__value\\">012223344</span></div><div class=\\"card__body__field\\"><span class=\\"card__body__field__label\\">Address</span><span class=\\"card__body__field__value\\">2 King st</span></div><div class=\\"card__body__field\\"><span class=\\"card__body__field__label\\"></span><span class=\\"card__body__field__value\\">Sydney, NSW</span></div><div class=\\"card__body__field--double\\"><div class=\\"card__body__field\\"><span class=\\"card__body__field__label\\">Postcode</span><span class=\\"card__body__field__value\\">2000</span></div><div class=\\"card__body__field\\"><span class=\\"card__body__field__label\\">Country</span><span class=\\"card__body__field__value\\">Australia</span></div></div></div></div></div></div>"`;
